The following terms are not equal:
  1: @1.1
  2: @1.0
