The following terms are not equal:
  1: Foo(False)
  2: Foo(True)
