Local comatch not supported for type Bool because Bool contains destructors with self parameters