Expected MkUnit to be a data type or codata type, but it is a constructor