Unexpected "foo", expected r#"[A-ZΑ-Ω𝔹ℕ𝕍∃∀×][a-zα-ωA-ZΑ-Ω0-9_]*['⁺⁻₀₁₂₃₄₅₆₇₈₉₊₋]*"#