Unexpected end of file. Expected "}", r#"-- \\| [^\\n\\r]*[\\n\\r]*"#, r#"[A-ZΑ-Ω][a-zα-ωA-ZΑ-Ω0-9_]*['₀₁₂₃₄₅₆₇₈₉]*"#