Arguments to type constructor List must be provided for Cons